.\gradlew : C:\Users\la
van\OneDrive\Desktop\Di
asRx\frontend\app\src\m
ain\java\com\simats\fro
ntend\PrescriptionSucce
ssActivity.java:359: 
error: cannot find 
symbol
At line:1 char:1
+ .\gradlew 
assembleDebug --quiet 
--console=plain > 
build_errors.txt 2> ...
+ ~~~~~~~~~~~~~~~~~~~~~
~~~~~~~~~~~~~~~~~~~~~~~
~~~~~~~~~~~~~~~~~~~~~~~
~~
    + CategoryInfo     
         : NotSpecifi  
  ed: (C:\Users\lava   
 n\...not find symb    
ol:String) [], Rem    
oteException
    + FullyQualifiedEr 
   rorId : NativeComm  
  andError
 
            
Toast.makeText(this, 
"Failed to open email 
app.", Toast.LENGTH_SHO
RT).show();
                       
                       
                ^
  symbol:   variable 
Toast
  location: class Presc
riptionSuccessActivity
C:\Users\lavan\OneDrive
\Desktop\DiasRx\fronten
d\app\src\main\java\com
\simats\frontend\Prescr
iptionSuccessActivity.j
ava:359: error: cannot 
find symbol
            
Toast.makeText(this, 
"Failed to open email 
app.", Toast.LENGTH_SHO
RT).show();
            ^
  symbol:   variable 
Toast
  location: class Presc
riptionSuccessActivity
Note: Some input files 
use or override a 
deprecated API.
Note: Recompile with 
-Xlint:deprecation for 
details.
Note: Some input files 
use unchecked or 
unsafe operations.
Note: Recompile with 
-Xlint:unchecked for 
details.
2 errors

FAILURE: Build failed 
with an exception.

* What went wrong:
Execution failed for 
task ':app:compileDebug
JavaWithJavac'.
> Compilation failed; 
see the compiler 
output below.
  Note: Recompile with 
-Xlint:deprecation for 
details.
  C:\Users\lavan\OneDri
ve\Desktop\DiasRx\front
end\app\src\main\java\c
om\simats\frontend\Pres
criptionSuccessActivity
.java:359: error: 
cannot find symbol
              
Toast.makeText(this, 
"Failed to open email 
app.", Toast.LENGTH_SHO
RT).show();
                       
                       
                  ^
    symbol:   variable 
Toast
    location: class Pre
scriptionSuccessActivit
y
  C:\Users\lavan\OneDri
ve\Desktop\DiasRx\front
end\app\src\main\java\c
om\simats\frontend\Pres
criptionSuccessActivity
.java:359: error: 
cannot find symbol
              
Toast.makeText(this, 
"Failed to open email 
app.", Toast.LENGTH_SHO
RT).show();
              ^
    symbol:   variable 
Toast
    location: class Pre
scriptionSuccessActivit
y
  Note: Recompile with 
-Xlint:unchecked for 
details.
  Note: Some input 
files use or override 
a deprecated API.
  Note: Some input 
files use unchecked or 
unsafe operations.
  2 errors

* Try:
> Check your code and 
dependencies to fix 
the compilation 
error(s)
> Run with --scan to 
generate a Build Scan 
(Powered by 
Develocity).

BUILD FAILED in 35s
